---
source: crates/openehr-its/tests/it/webtemplate.rs
assertion_line: 200
expression: wt
---
{
  "templateId": "Diagnosis",
  "version": "2.3",
  "defaultLanguage": "en",
  "languages": [
    "en",
    "sl"
  ],
  "tree": {
    "id": "diagnosis",
    "name": "Diagnosis",
    "localizedName": "Diagnosis",
    "rmType": "COMPOSITION",
    "nodeId": "openEHR-EHR-COMPOSITION.encounter.v1",
    "min": 1,
    "max": 1,
    "aqlPath": "",
    "children": [
      {
        "id": "context",
        "rmType": "EVENT_CONTEXT",
        "min": 0,
        "max": 1,
        "aqlPath": "/context",
        "children": [
          {
            "id": "start_time",
            "name": "Start_time",
            "localizedName": "Start_time",
            "rmType": "DV_DATE_TIME",
            "min": 1,
            "max": 1,
            "inContext": true,
            "aqlPath": "/context/start_time",
            "inputs": [
              {
                "type": "DATETIME"
              }
            ]
          },
          {
            "id": "setting",
            "name": "Setting",
            "localizedName": "Setting",
            "rmType": "DV_CODED_TEXT",
            "min": 1,
            "max": 1,
            "inContext": true,
            "aqlPath": "/context/setting",
            "inputs": [
              {
                "suffix": "code",
                "type": "TEXT"
              },
              {
                "suffix": "value",
                "type": "TEXT"
              }
            ]
          }
        ]
      },
      {
        "id": "diagnosis",
        "name": "Diagnosis",
        "localizedName": "Diagnosis",
        "rmType": "EVALUATION",
        "nodeId": "openEHR-EHR-EVALUATION.problem-diagnosis.v1",
        "min": 0,
        "max": -1,
        "aqlPath": "/content[openEHR-EHR-EVALUATION.problem-diagnosis.v1]",
        "localizedNames": {
          "en": "Diagnosis",
          "sl": "*Diagnosis(en)"
        },
        "localizedDescriptions": {
          "en": "A diagnosis defined by a clinician which is coded in an accepted terminology and may include the stage of the condition\n                    and the diagnostic criteria\n                ",
          "sl": "*A diagnosis defined by a clinician which is coded in an accepted terminology and may include the stage of the condition\n                    and the diagnostic criteria(en)\n                "
        },
        "children": [
          {
            "id": "diagnosis",
            "name": "Diagnosis",
            "localizedName": "Diagnosis",
            "rmType": "DV_CODED_TEXT",
            "nodeId": "at0002.1",
            "min": 1,
            "max": 1,
            "aqlPath": "/content[openEHR-EHR-EVALUATION.problem-diagnosis.v1]/data[at0001]/items[at0002.1]/value",
            "localizedNames": {
              "en": "Diagnosis",
              "sl": "*Diagnosis(en)"
            },
            "localizedDescriptions": {
              "en": "The index diagnosis",
              "sl": "*The index diagnosis(en)"
            },
            "inputs": [
              {
                "suffix": "code",
                "type": "TEXT",
                "terminology": "ICD10"
              },
              {
                "suffix": "value",
                "type": "TEXT",
                "terminology": "ICD10"
              }
            ]
          },
          {
            "id": "status",
            "name": "Status",
            "localizedName": "Status",
            "rmType": "DV_CODED_TEXT",
            "nodeId": "at0.32",
            "min": 0,
            "max": 1,
            "aqlPath": "/content[openEHR-EHR-EVALUATION.problem-diagnosis.v1]/data[at0001]/items[at0.32]/value",
            "localizedNames": {
              "en": "Status",
              "sl": "*Status(en)"
            },
            "localizedDescriptions": {
              "en": "The status of the diagnosis",
              "sl": "*The status of the diagnosis(en)"
            },
            "inputs": [
              {
                "suffix": "code",
                "type": "CODED_TEXT",
                "list": [
                  {
                    "value": "at0.33",
                    "label": "začasno",
                    "localizedLabels": {
                      "en": "začasno",
                      "sl": "*začasno(en)"
                    }
                  },
                  {
                    "value": "at0.34",
                    "label": "delovno",
                    "localizedLabels": {
                      "en": "delovno",
                      "sl": "*delovno(en)"
                    }
                  }
                ]
              }
            ]
          },
          {
            "id": "date_of_initial_onset",
            "name": "Date of initial onset",
            "localizedName": "Date of initial onset",
            "rmType": "DV_DATE",
            "nodeId": "at0003",
            "min": 0,
            "max": 1,
            "aqlPath": "/content[openEHR-EHR-EVALUATION.problem-diagnosis.v1]/data[at0001]/items[at0003]/value",
            "localizedNames": {
              "en": "Date of initial onset",
              "sl": "*Date of initial onset(en)"
            },
            "localizedDescriptions": {
              "en": "The date that the problem began causing symptoms or signs",
              "sl": "*The date that the problem began causing symptoms or signs(en)"
            },
            "inputs": [
              {
                "type": "DATE"
              }
            ]
          },
          {
            "id": "age_at_initial_onset",
            "name": "Age at initial onset",
            "localizedName": "Age at initial onset",
            "rmType": "DV_DURATION",
            "nodeId": "at0004",
            "min": 0,
            "max": 1,
            "aqlPath": "/content[openEHR-EHR-EVALUATION.problem-diagnosis.v1]/data[at0001]/items[at0004]/value",
            "localizedNames": {
              "en": "Age at initial onset",
              "sl": "*Age at initial onset(en)"
            },
            "localizedDescriptions": {
              "en": "The age of the at the onset of the problem",
              "sl": "*The age of the at the onset of the problem(en)"
            },
            "inputs": [
              {
                "suffix": "year",
                "type": "INTEGER"
              },
              {
                "suffix": "month",
                "type": "INTEGER"
              },
              {
                "suffix": "day",
                "type": "INTEGER"
              },
              {
                "suffix": "week",
                "type": "INTEGER"
              },
              {
                "suffix": "hour",
                "type": "INTEGER"
              },
              {
                "suffix": "minute",
                "type": "INTEGER"
              },
              {
                "suffix": "second",
                "type": "INTEGER"
              }
            ]
          },
          {
            "id": "severity",
            "name": "Severity",
            "localizedName": "Severity",
            "rmType": "DV_ORDINAL",
            "nodeId": "at0005",
            "min": 0,
            "max": 1,
            "aqlPath": "/content[openEHR-EHR-EVALUATION.problem-diagnosis.v1]/data[at0001]/items[at0005]/value",
            "localizedNames": {
              "en": "Severity",
              "sl": "*Severity(en)"
            },
            "localizedDescriptions": {
              "en": "The severity of the index problem",
              "sl": "*The severity of the index problem(en)"
            },
            "inputs": [
              {
                "type": "CODED_TEXT",
                "list": [
                  {
                    "value": "at0006",
                    "label": "Mild",
                    "localizedLabels": {
                      "en": "Mild",
                      "sl": "*Mild(en)"
                    },
                    "ordinal": 1
                  },
                  {
                    "value": "at0007",
                    "label": "Moderate",
                    "localizedLabels": {
                      "en": "Moderate",
                      "sl": "*Moderate(en)"
                    },
                    "ordinal": 4
                  },
                  {
                    "value": "at0008",
                    "label": "Severe",
                    "localizedLabels": {
                      "en": "Severe",
                      "sl": "*Severe(en)"
                    },
                    "ordinal": 7
                  }
                ]
              }
            ]
          },
          {
            "id": "clinical_description",
            "name": "Clinical description",
            "localizedName": "Clinical description",
            "rmType": "DV_TEXT",
            "nodeId": "at0009",
            "min": 0,
            "max": 1,
            "aqlPath": "/content[openEHR-EHR-EVALUATION.problem-diagnosis.v1]/data[at0001]/items[at0009]/value",
            "localizedNames": {
              "en": "Clinical description",
              "sl": "*Clinical description(en)"
            },
            "localizedDescriptions": {
              "en": "Description of the clinical aspects of the problem",
              "sl": "*Description of the clinical aspects of the problem(en)"
            },
            "inputs": [
              {
                "type": "TEXT"
              }
            ]
          },
          {
            "id": "date_clinically_recognised",
            "name": "Date clinically recognised",
            "localizedName": "Date clinically recognised",
            "rmType": "DV_DATE",
            "nodeId": "at0010",
            "min": 0,
            "max": 1,
            "aqlPath": "/content[openEHR-EHR-EVALUATION.problem-diagnosis.v1]/data[at0001]/items[at0010]/value",
            "localizedNames": {
              "en": "Date clinically recognised",
              "sl": "*Date clinically recognised(en)"
            },
            "localizedDescriptions": {
              "en": "Date the problem was recognised by clinicians",
              "sl": "*Date the problem was recognised by clinicians(en)"
            },
            "inputs": [
              {
                "type": "DATE",
                "validation": {
                  "pattern": "yyyy-??-XX"
                }
              }
            ]
          },
          {
            "id": "age_when_clinically_recognised",
            "name": "Age when clinically recognised",
            "localizedName": "Age when clinically recognised",
            "rmType": "DV_DURATION",
            "nodeId": "at0037",
            "min": 0,
            "max": 1,
            "aqlPath": "/content[openEHR-EHR-EVALUATION.problem-diagnosis.v1]/data[at0001]/items[at0037]/value",
            "localizedNames": {
              "en": "Age when clinically recognised",
              "sl": "*Age when clinically recognised(en)"
            },
            "localizedDescriptions": {
              "en": "The age when this problem was clinically recognised",
              "sl": "*The age when this problem was clinically recognised(en)"
            },
            "inputs": [
              {
                "suffix": "year",
                "type": "INTEGER"
              },
              {
                "suffix": "month",
                "type": "INTEGER"
              },
              {
                "suffix": "day",
                "type": "INTEGER"
              },
              {
                "suffix": "week",
                "type": "INTEGER"
              },
              {
                "suffix": "hour",
                "type": "INTEGER"
              },
              {
                "suffix": "minute",
                "type": "INTEGER"
              },
              {
                "suffix": "second",
                "type": "INTEGER"
              }
            ]
          },
          {
            "id": "location",
            "name": "Location",
            "localizedName": "Location",
            "rmType": "CLUSTER",
            "nodeId": "at0011",
            "min": 0,
            "max": -1,
            "aqlPath": "/content[openEHR-EHR-EVALUATION.problem-diagnosis.v1]/data[at0001]/items[at0011]",
            "localizedNames": {
              "en": "Location",
              "sl": "*Location(en)"
            },
            "localizedDescriptions": {
              "en": "Location of the problem in terms of body site",
              "sl": "*Location of the problem in terms of body site(en)"
            },
            "children": [
              {
                "id": "body_site",
                "name": "Body site",
                "localizedName": "Body site",
                "rmType": "DV_CODED_TEXT",
                "nodeId": "at0012",
                "min": 0,
                "max": 1,
                "aqlPath": "/content[openEHR-EHR-EVALUATION.problem-diagnosis.v1]/data[at0001]/items[at0011]/items[at0012]/value",
                "localizedNames": {
                  "en": "Body site",
                  "sl": "*Body site(en)"
                },
                "localizedDescriptions": {
                  "en": "The body site affected",
                  "sl": "*The body site affected(en)"
                },
                "inputs": [
                  {
                    "suffix": "code",
                    "type": "TEXT"
                  },
                  {
                    "suffix": "value",
                    "type": "TEXT"
                  }
                ]
              },
              {
                "id": "location_description",
                "name": "Location description",
                "localizedName": "Location description",
                "rmType": "DV_TEXT",
                "nodeId": "at0013",
                "min": 0,
                "max": 1,
                "aqlPath": "/content[openEHR-EHR-EVALUATION.problem-diagnosis.v1]/data[at0001]/items[at0011]/items[at0013]/value",
                "localizedNames": {
                  "en": "Location description",
                  "sl": "*Location description(en)"
                },
                "localizedDescriptions": {
                  "en": "A free text description of the location - may be in addition to a coded body site",
                  "sl": "*A free text description of the location - may be in addition to a coded body site(en)"
                },
                "inputs": [
                  {
                    "type": "TEXT"
                  }
                ]
              }
            ]
          },
          {
            "id": "aetiology",
            "name": "Aetiology",
            "localizedName": "Aetiology",
            "rmType": "CLUSTER",
            "nodeId": "at0014",
            "min": 0,
            "max": 1,
            "aqlPath": "/content[openEHR-EHR-EVALUATION.problem-diagnosis.v1]/data[at0001]/items[at0014]",
            "localizedNames": {
              "en": "Aetiology",
              "sl": "*Aetiology(en)"
            },
            "localizedDescriptions": {
              "en": "Agents or Factors known to have been of aetiological significance",
              "sl": "*Agents or Factors known to have been of aetiological significance(en)"
            },
            "children": [
              {
                "id": "agent",
                "name": "Agent",
                "localizedName": "Agent",
                "rmType": "DV_TEXT",
                "nodeId": "at0015",
                "min": 0,
                "max": -1,
                "aqlPath": "/content[openEHR-EHR-EVALUATION.problem-diagnosis.v1]/data[at0001]/items[at0014]/items[at0015]/value",
                "localizedNames": {
                  "en": "Agent",
                  "sl": "*Agent(en)"
                },
                "localizedDescriptions": {
                  "en": "Microbial or other agent known to have caused this problem",
                  "sl": "*Microbial or other agent known to have caused this problem(en)"
                },
                "inputs": [
                  {
                    "type": "TEXT"
                  }
                ]
              },
              {
                "id": "complication_of",
                "name": "Complication of",
                "localizedName": "Complication of",
                "rmType": "ELEMENT",
                "nodeId": "at0016",
                "min": 0,
                "max": -1,
                "aqlPath": "/content[openEHR-EHR-EVALUATION.problem-diagnosis.v1]/data[at0001]/items[at0014]/items[at0016]",
                "localizedNames": {
                  "en": "Complication of",
                  "sl": "*Complication of(en)"
                },
                "localizedDescriptions": {
                  "en": "A problem or link to a problem or injury described elsewhere in the EHR",
                  "sl": "*A problem or link to a problem or injury described elsewhere in the EHR(en)"
                },
                "children": [
                  {
                    "id": "text_value",
                    "rmType": "DV_TEXT",
                    "min": 0,
                    "max": 1,
                    "aqlPath": "/content[openEHR-EHR-EVALUATION.problem-diagnosis.v1]/data[at0001]/items[at0014]/items[at0016]/value",
                    "inputs": [
                      {
                        "type": "TEXT"
                      }
                    ]
                  },
                  {
                    "id": "uri_value",
                    "rmType": "DV_URI",
                    "min": 0,
                    "max": 1,
                    "aqlPath": "/content[openEHR-EHR-EVALUATION.problem-diagnosis.v1]/data[at0001]/items[at0014]/items[at0016]/value",
                    "inputs": [
                      {
                        "type": "TEXT"
                      }
                    ]
                  }
                ]
              },
              {
                "id": "description",
                "name": "Description",
                "localizedName": "Description",
                "rmType": "DV_TEXT",
                "nodeId": "at0017",
                "min": 0,
                "max": 1,
                "aqlPath": "/content[openEHR-EHR-EVALUATION.problem-diagnosis.v1]/data[at0001]/items[at0014]/items[at0017]/value",
                "localizedNames": {
                  "en": "Description",
                  "sl": "*Description(en)"
                },
                "localizedDescriptions": {
                  "en": "Description of aetiological process",
                  "sl": "*Description of aetiological process(en)"
                },
                "inputs": [
                  {
                    "type": "TEXT"
                  }
                ]
              }
            ]
          },
          {
            "id": "occurrences_or_exacerbations",
            "name": "Occurrences or exacerbations",
            "localizedName": "Occurrences or exacerbations",
            "rmType": "CLUSTER",
            "nodeId": "at0018",
            "min": 0,
            "max": 1,
            "aqlPath": "/content[openEHR-EHR-EVALUATION.problem-diagnosis.v1]/data[at0001]/items[at0018]",
            "localizedNames": {
              "en": "Occurrences or exacerbations",
              "sl": "*Occurrences or exacerbations(en)"
            },
            "localizedDescriptions": {
              "en": "Grouping of information about individual occurrences or exacerbations",
              "sl": "*Grouping of information about individual occurrences or exacerbations(en)"
            },
            "children": [
              {
                "id": "frequency_of_reccurrence",
                "name": "Frequency of reccurrence",
                "localizedName": "Frequency of reccurrence",
                "rmType": "DV_QUANTITY",
                "nodeId": "at0019",
                "min": 0,
                "max": 1,
                "aqlPath": "/content[openEHR-EHR-EVALUATION.problem-diagnosis.v1]/data[at0001]/items[at0018]/items[at0019]/value",
                "localizedNames": {
                  "en": "Frequency of reccurrence",
                  "sl": "*Frequency of reccurrence(en)"
                },
                "localizedDescriptions": {
                  "en": "The frequency of individual occurrences of the problem",
                  "sl": "*The frequency of individual occurrences of the problem(en)"
                },
                "inputs": [
                  {
                    "suffix": "magnitude",
                    "type": "DECIMAL"
                  },
                  {
                    "suffix": "unit",
                    "type": "CODED_TEXT"
                  }
                ]
              },
              {
                "id": "date_of_last_occurrence",
                "name": "Date of last occurrence",
                "localizedName": "Date of last occurrence",
                "rmType": "DV_DATE",
                "nodeId": "at0020",
                "min": 0,
                "max": 1,
                "aqlPath": "/content[openEHR-EHR-EVALUATION.problem-diagnosis.v1]/data[at0001]/items[at0018]/items[at0020]/value",
                "localizedNames": {
                  "en": "Date of last occurrence",
                  "sl": "*Date of last occurrence(en)"
                },
                "localizedDescriptions": {
                  "en": "The date of the last occurrence or exacerbation",
                  "sl": "*The date of the last occurrence or exacerbation(en)"
                },
                "inputs": [
                  {
                    "type": "DATE"
                  }
                ]
              },
              {
                "id": "occurence_exacerbation",
                "name": "Occurence/exacerbation",
                "localizedName": "Occurence/exacerbation",
                "rmType": "CLUSTER",
                "nodeId": "at0021",
                "min": 0,
                "max": -1,
                "aqlPath": "/content[openEHR-EHR-EVALUATION.problem-diagnosis.v1]/data[at0001]/items[at0018]/items[at0021]",
                "localizedNames": {
                  "en": "Occurence/exacerbation",
                  "sl": "*Occurence/exacerbation(en)"
                },
                "localizedDescriptions": {
                  "en": "Information about one occurrence or exacerbation",
                  "sl": "*Information about one occurrence or exacerbation(en)"
                },
                "children": [
                  {
                    "id": "clinical_description",
                    "name": "Clinical description",
                    "localizedName": "Clinical description",
                    "rmType": "DV_TEXT",
                    "nodeId": "at0022",
                    "min": 0,
                    "max": 1,
                    "aqlPath": "/content[openEHR-EHR-EVALUATION.problem-diagnosis.v1]/data[at0001]/items[at0018]/items[at0021]/items[at0022]/value",
                    "localizedNames": {
                      "en": "Clinical description",
                      "sl": "*Clinical description(en)"
                    },
                    "localizedDescriptions": {
                      "en": "A description of the exacerbation or occurrence",
                      "sl": "*A description of the exacerbation or occurrence(en)"
                    },
                    "inputs": [
                      {
                        "type": "TEXT"
                      }
                    ]
                  },
                  {
                    "id": "outcome",
                    "name": "Outcome",
                    "localizedName": "Outcome",
                    "rmType": "DV_TEXT",
                    "nodeId": "at0023",
                    "min": 0,
                    "max": 1,
                    "aqlPath": "/content[openEHR-EHR-EVALUATION.problem-diagnosis.v1]/data[at0001]/items[at0018]/items[at0021]/items[at0023]/value",
                    "localizedNames": {
                      "en": "Outcome",
                      "sl": "*Outcome(en)"
                    },
                    "localizedDescriptions": {
                      "en": "Outcome of the occurrence or exacerbation",
                      "sl": "*Outcome of the occurrence or exacerbation(en)"
                    },
                    "inputs": [
                      {
                        "type": "TEXT"
                      }
                    ]
                  },
                  {
                    "id": "date_of_onset_of_occurrence",
                    "name": "Date of onset of occurrence",
                    "localizedName": "Date of onset of occurrence",
                    "rmType": "DV_DATE",
                    "nodeId": "at0024",
                    "min": 0,
                    "max": 1,
                    "aqlPath": "/content[openEHR-EHR-EVALUATION.problem-diagnosis.v1]/data[at0001]/items[at0018]/items[at0021]/items[at0024]/value",
                    "localizedNames": {
                      "en": "Date of onset of occurrence",
                      "sl": "*Date of onset of occurrence(en)"
                    },
                    "localizedDescriptions": {
                      "en": "Date of onset of occurrence or exacerbation",
                      "sl": "*Date of onset of occurrence or exacerbation(en)"
                    },
                    "inputs": [
                      {
                        "type": "DATE"
                      }
                    ]
                  },
                  {
                    "id": "date_of_resolution_of_occurrence",
                    "name": "Date of resolution of occurrence",
                    "localizedName": "Date of resolution of occurrence",
                    "rmType": "DV_DATE",
                    "nodeId": "at0036",
                    "min": 0,
                    "max": 1,
                    "aqlPath": "/content[openEHR-EHR-EVALUATION.problem-diagnosis.v1]/data[at0001]/items[at0018]/items[at0021]/items[at0036]/value",
                    "localizedNames": {
                      "en": "Date of resolution of occurrence",
                      "sl": "*Date of resolution of occurrence(en)"
                    },
                    "localizedDescriptions": {
                      "en": "Date of the resolution of the occurrence",
                      "sl": "*Date of the resolution of the occurrence(en)"
                    },
                    "inputs": [
                      {
                        "type": "DATE"
                      }
                    ]
                  }
                ]
              },
              {
                "id": "number_of_occurrences",
                "name": "Number of occurrences",
                "localizedName": "Number of occurrences",
                "rmType": "DV_COUNT",
                "nodeId": "at0025",
                "min": 0,
                "max": 1,
                "aqlPath": "/content[openEHR-EHR-EVALUATION.problem-diagnosis.v1]/data[at0001]/items[at0018]/items[at0025]/value",
                "localizedNames": {
                  "en": "Number of occurrences",
                  "sl": "*Number of occurrences(en)"
                },
                "localizedDescriptions": {
                  "en": "Number of times this problem has occurred or been apparent",
                  "sl": "*Number of times this problem has occurred or been apparent(en)"
                },
                "inputs": [
                  {
                    "type": "INTEGER",
                    "validation": {
                      "range": {
                        "minOp": ">=",
                        "min": 1
                      }
                    }
                  }
                ]
              }
            ]
          },
          {
            "id": "related_problems",
            "name": "Related problems",
            "localizedName": "Related problems",
            "rmType": "CLUSTER",
            "nodeId": "at0026",
            "min": 0,
            "max": 1,
            "aqlPath": "/content[openEHR-EHR-EVALUATION.problem-diagnosis.v1]/data[at0001]/items[at0026]",
            "localizedNames": {
              "en": "Related problems",
              "sl": "*Related problems(en)"
            },
            "localizedDescriptions": {
              "en": "Complications that are attributed to this problem",
              "sl": "*Complications that are attributed to this problem(en)"
            },
            "children": [
              {
                "id": "related_problem",
                "name": "Related problem",
                "localizedName": "Related problem",
                "rmType": "CLUSTER",
                "nodeId": "at0027",
                "min": 0,
                "max": -1,
                "aqlPath": "/content[openEHR-EHR-EVALUATION.problem-diagnosis.v1]/data[at0001]/items[at0026]/items[at0027]",
                "localizedNames": {
                  "en": "Related problem",
                  "sl": "*Related problem(en)"
                },
                "localizedDescriptions": {
                  "en": "A group of characteristics of the problem complicating the index condition in this archetype",
                  "sl": "*A group of characteristics of the problem complicating the index condition in this archetype(en)"
                },
                "children": [
                  {
                    "id": "related_problem",
                    "name": "Related problem",
                    "localizedName": "Related problem",
                    "rmType": "ELEMENT",
                    "nodeId": "at0028",
                    "min": 0,
                    "max": 1,
                    "aqlPath": "/content[openEHR-EHR-EVALUATION.problem-diagnosis.v1]/data[at0001]/items[at0026]/items[at0027]/items[at0028]",
                    "localizedNames": {
                      "en": "Related problem",
                      "sl": "*Related problem(en)"
                    },
                    "localizedDescriptions": {
                      "en": "Details of the problem as text or coded text or URI",
                      "sl": "*Details of the problem as text or coded text or URI(en)"
                    },
                    "children": [
                      {
                        "id": "text_value",
                        "rmType": "DV_TEXT",
                        "min": 0,
                        "max": 1,
                        "aqlPath": "/content[openEHR-EHR-EVALUATION.problem-diagnosis.v1]/data[at0001]/items[at0026]/items[at0027]/items[at0028]/value",
                        "inputs": [
                          {
                            "type": "TEXT"
                          }
                        ]
                      },
                      {
                        "id": "uri_value",
                        "rmType": "DV_URI",
                        "min": 0,
                        "max": 1,
                        "aqlPath": "/content[openEHR-EHR-EVALUATION.problem-diagnosis.v1]/data[at0001]/items[at0026]/items[at0027]/items[at0028]/value",
                        "inputs": [
                          {
                            "type": "TEXT"
                          }
                        ]
                      }
                    ]
                  },
                  {
                    "id": "clinical_description",
                    "name": "Clinical description",
                    "localizedName": "Clinical description",
                    "rmType": "DV_TEXT",
                    "nodeId": "at0029",
                    "min": 0,
                    "max": 1,
                    "aqlPath": "/content[openEHR-EHR-EVALUATION.problem-diagnosis.v1]/data[at0001]/items[at0026]/items[at0027]/items[at0029]/value",
                    "localizedNames": {
                      "en": "Clinical description",
                      "sl": "*Clinical description(en)"
                    },
                    "localizedDescriptions": {
                      "en": "Decription of the complicating problem",
                      "sl": "*Decription of the complicating problem(en)"
                    },
                    "inputs": [
                      {
                        "type": "TEXT"
                      }
                    ]
                  }
                ]
              }
            ]
          },
          {
            "id": "date_of_resolution",
            "name": "Date of resolution",
            "localizedName": "Date of resolution",
            "rmType": "DV_DATE",
            "nodeId": "at0030",
            "min": 0,
            "max": 1,
            "aqlPath": "/content[openEHR-EHR-EVALUATION.problem-diagnosis.v1]/data[at0001]/items[at0030]/value",
            "localizedNames": {
              "en": "Date of resolution",
              "sl": "*Date of resolution(en)"
            },
            "localizedDescriptions": {
              "en": "The date that the problem resolved or went into remission",
              "sl": "*The date that the problem resolved or went into remission(en)"
            },
            "inputs": [
              {
                "type": "DATE"
              }
            ]
          },
          {
            "id": "age_at_resolution",
            "name": "Age at resolution",
            "localizedName": "Age at resolution",
            "rmType": "DV_DURATION",
            "nodeId": "at0031",
            "min": 0,
            "max": 1,
            "aqlPath": "/content[openEHR-EHR-EVALUATION.problem-diagnosis.v1]/data[at0001]/items[at0031]/value",
            "localizedNames": {
              "en": "Age at resolution",
              "sl": "*Age at resolution(en)"
            },
            "localizedDescriptions": {
              "en": "The age of the at the resolution of the problem",
              "sl": "*The age of the at the resolution of the problem(en)"
            },
            "inputs": [
              {
                "suffix": "year",
                "type": "INTEGER"
              },
              {
                "suffix": "month",
                "type": "INTEGER"
              },
              {
                "suffix": "day",
                "type": "INTEGER"
              },
              {
                "suffix": "week",
                "type": "INTEGER"
              },
              {
                "suffix": "hour",
                "type": "INTEGER"
              },
              {
                "suffix": "minute",
                "type": "INTEGER"
              },
              {
                "suffix": "second",
                "type": "INTEGER"
              }
            ]
          },
          {
            "id": "kriterij_za_diagnozo",
            "name": "Kriterij za diagnozo",
            "localizedName": "Kriterij za diagnozo",
            "rmType": "CLUSTER",
            "nodeId": "at0.35",
            "min": 0,
            "max": 1,
            "aqlPath": "/content[openEHR-EHR-EVALUATION.problem-diagnosis.v1]/data[at0001]/items[at0.35]",
            "localizedNames": {
              "en": "Kriterij za diagnozo",
              "sl": "*Kriterij za diagnozo(en)"
            },
            "localizedDescriptions": {
              "en": "The criteria on which the diagnosis is based",
              "sl": "*The criteria on which the diagnosis is based(en)"
            },
            "children": [
              {
                "id": "kriterij",
                "name": "Kriterij",
                "localizedName": "Kriterij",
                "rmType": "DV_TEXT",
                "nodeId": "at0.36",
                "min": 0,
                "max": -1,
                "aqlPath": "/content[openEHR-EHR-EVALUATION.problem-diagnosis.v1]/data[at0001]/items[at0.35]/items[at0.36]/value",
                "localizedNames": {
                  "en": "Kriterij",
                  "sl": "*Kriterij(en)"
                },
                "localizedDescriptions": {
                  "en": "A basis for the diagnosis",
                  "sl": "*A basis for the diagnosis(en)"
                },
                "inputs": [
                  {
                    "type": "TEXT"
                  }
                ]
              }
            ]
          },
          {
            "id": "references",
            "name": "References",
            "localizedName": "References",
            "rmType": "CLUSTER",
            "nodeId": "at0033",
            "min": 0,
            "max": 1,
            "aqlPath": "/content[openEHR-EHR-EVALUATION.problem-diagnosis.v1]/protocol[at0032]/items[at0033]",
            "localizedNames": {
              "en": "References",
              "sl": "*References(en)"
            },
            "localizedDescriptions": {
              "en": "Useful information about this condition",
              "sl": "*Useful information about this condition(en)"
            },
            "children": [
              {
                "id": "references",
                "name": "References",
                "localizedName": "References",
                "rmType": "DV_TEXT",
                "nodeId": "at0034",
                "min": 0,
                "max": -1,
                "aqlPath": "/content[openEHR-EHR-EVALUATION.problem-diagnosis.v1]/protocol[at0032]/items[at0033]/items[at0034]/value",
                "localizedNames": {
                  "en": "References",
                  "sl": "*References(en)"
                },
                "localizedDescriptions": {
                  "en": "Reference to material about this condition",
                  "sl": "*Reference to material about this condition(en)"
                },
                "inputs": [
                  {
                    "type": "TEXT"
                  }
                ]
              },
              {
                "id": "web_link",
                "name": "Web link",
                "localizedName": "Web link",
                "rmType": "DV_URI",
                "nodeId": "at0035",
                "min": 0,
                "max": -1,
                "aqlPath": "/content[openEHR-EHR-EVALUATION.problem-diagnosis.v1]/protocol[at0032]/items[at0033]/items[at0035]/value",
                "localizedNames": {
                  "en": "Web link",
                  "sl": "*Web link(en)"
                },
                "localizedDescriptions": {
                  "en": "Useful information on the internet about this condition",
                  "sl": "*Useful information on the internet about this condition(en)"
                },
                "inputs": [
                  {
                    "type": "TEXT"
                  }
                ]
              }
            ]
          },
          {
            "id": "language",
            "name": "Language",
            "localizedName": "Language",
            "rmType": "CODE_PHRASE",
            "min": 1,
            "max": 1,
            "inContext": true,
            "aqlPath": "/content[openEHR-EHR-EVALUATION.problem-diagnosis.v1]/language"
          },
          {
            "id": "encoding",
            "name": "Encoding",
            "localizedName": "Encoding",
            "rmType": "CODE_PHRASE",
            "min": 1,
            "max": 1,
            "inContext": true,
            "aqlPath": "/content[openEHR-EHR-EVALUATION.problem-diagnosis.v1]/encoding"
          },
          {
            "id": "subject",
            "name": "Subject",
            "localizedName": "Subject",
            "rmType": "PARTY_PROXY",
            "min": 1,
            "max": 1,
            "inContext": true,
            "aqlPath": "/content[openEHR-EHR-EVALUATION.problem-diagnosis.v1]/subject",
            "inputs": [
              {
                "suffix": "id",
                "type": "TEXT"
              },
              {
                "suffix": "id_scheme",
                "type": "TEXT"
              },
              {
                "suffix": "id_namespace",
                "type": "TEXT"
              },
              {
                "suffix": "name",
                "type": "TEXT"
              }
            ]
          }
        ]
      },
      {
        "id": "category",
        "rmType": "DV_CODED_TEXT",
        "min": 1,
        "max": 1,
        "aqlPath": "/category",
        "inputs": [
          {
            "suffix": "code",
            "type": "CODED_TEXT",
            "list": [
              {
                "value": "433",
                "label": "event"
              }
            ],
            "terminology": "openehr"
          }
        ]
      },
      {
        "id": "language",
        "name": "Language",
        "localizedName": "Language",
        "rmType": "CODE_PHRASE",
        "min": 1,
        "max": 1,
        "inContext": true,
        "aqlPath": "/language"
      },
      {
        "id": "territory",
        "name": "Territory",
        "localizedName": "Territory",
        "rmType": "CODE_PHRASE",
        "min": 1,
        "max": 1,
        "inContext": true,
        "aqlPath": "/territory"
      },
      {
        "id": "composer",
        "name": "Composer",
        "localizedName": "Composer",
        "rmType": "PARTY_PROXY",
        "min": 1,
        "max": 1,
        "inContext": true,
        "aqlPath": "/composer",
        "inputs": [
          {
            "suffix": "id",
            "type": "TEXT"
          },
          {
            "suffix": "id_scheme",
            "type": "TEXT"
          },
          {
            "suffix": "id_namespace",
            "type": "TEXT"
          },
          {
            "suffix": "name",
            "type": "TEXT"
          }
        ]
      }
    ],
    "localizedNames": {},
    "localizedDescriptions": {}
  }
}
