---
source: crates/openehr-flat/tests/structured.rs
expression: structured
---
{
  "ctx": {
    "language": "en",
    "territory": "SI",
    "composer_name": "Jane Nurse",
    "time": "2020-10-26T15:39:53.668+01:00",
    "setting": "238"
  },
  "vitals": {
    "vitals": [
      {
        "body_temperature": [
          {
            "any_event": [
              {
                "temperature": [
                  {
                    "|magnitude": 37.2,
                    "|unit": "°C"
                  }
                ],
                "symptoms": [
                  {
                    "|value": "Chills / rigor / shivering",
                    "|code": "at0.64",
                    "|terminology": "local"
                  }
                ],
                "description_of_thermal_stress": [
                  "Test description of symptoms"
                ],
                "time": [
                  "2020-10-26T15:39:53.668+01:00"
                ]
              }
            ],
            "history_origin": [
              "2020-10-26T15:39:53.668+01:00"
            ]
          }
        ]
      }
    ],
    "category": [
      {
        "|value": "event",
        "|code": "433",
        "|terminology": "openehr"
      }
    ]
  }
}
